BGC-QUAST version: 1.1.0

Started with command: bgc-quast.py /home/segofied/Documents/bgc_quast_ppl/work/5f/40a51efc5ed891061cdd8f8fd82f56/assembly_10.json /home/segofied/Documents/bgc_quast_ppl/work/5f/40a51efc5ed891061cdd8f8fd82f56/assembly_20.json /home/segofied/Documents/bgc_quast_ppl/work/5f/40a51efc5ed891061cdd8f8fd82f56/reference.json --genome /home/segofied/Documents/bgc_quast_ppl/work/5f/40a51efc5ed891061cdd8f8fd82f56/renamed/assembly_10.gbk --genome /home/segofied/Documents/bgc_quast_ppl/work/5f/40a51efc5ed891061cdd8f8fd82f56/renamed/assembly_20.gbk --genome /home/segofied/Documents/bgc_quast_ppl/work/5f/40a51efc5ed891061cdd8f8fd82f56/renamed/reference.gbk --bigscape-output-dir /home/segofied/Documents/bgc_quast_ppl/work/5f/40a51efc5ed891061cdd8f8fd82f56/bigscape/antismash --bigscape-cutoff 0.3 --names assembly_10,assembly_20,reference --threads 2 --output-dir /home/segofied/Documents/bgc_quast_ppl/work/5f/40a51efc5ed891061cdd8f8fd82f56/bgcquast_out --mode compare-samples --edge-distance 100 --min-bgc-length 0 --merge-distance 0

System information:
  OS: Linux-7.0.0-34-generic-x86_64-with-glibc2.39
  Python version: 3.12
  CPUs number: 4

Started: 2026-09-27 17:03:21

Logging to /home/segofied/Documents/bgc_quast_ppl/work/5f/40a51efc5ed891061cdd8f8fd82f56/bgcquast_out/bgc-quast.log
Mode COMPARE_SAMPLES selected
BiG-SCAPE results loaded for cutoff(s): 0.3, 0.5, 0.7
BiG-SCAPE: 18 BGC(s) assigned to a gene cluster family at cutoff 0.3
The running mode is set to: RunningMode.COMPARE_SAMPLES

RESULTS:
  Text report is saved to /home/segofied/Documents/bgc_quast_ppl/work/5f/40a51efc5ed891061cdd8f8fd82f56/bgcquast_out/report.txt
  HTML report is saved to /home/segofied/Documents/bgc_quast_ppl/work/5f/40a51efc5ed891061cdd8f8fd82f56/bgcquast_out/report.html
  TSV report is saved to /home/segofied/Documents/bgc_quast_ppl/work/5f/40a51efc5ed891061cdd8f8fd82f56/bgcquast_out/report.tsv
  Log is saved to /home/segofied/Documents/bgc_quast_ppl/work/5f/40a51efc5ed891061cdd8f8fd82f56/bgcquast_out/bgc-quast.log

Finished: 2026-09-27 17:03:21
Elapsed time: 0:00:00.419570
WARNINGs: 1

Thank you for using BGC-QUAST!
